../Core/Src/main.c:106:16:usb_is_configured	4	static
../Core/Src/main.c:110:26:clock_try_hse30_pll72_usb48	128	static
../Core/Src/main.c:150:26:clock_try_hsi_pll48_usb48	128	static
../Core/Src/main.c:188:13:chan_apply	16	static
../Core/Src/main.c:196:13:chan_apply_all	16	static
../Core/Src/main.c:207:5:main	152	static
../Core/Src/main.c:399:6:SystemClock_Config	128	static
../Core/Src/main.c:447:13:MX_ADC1_Init	48	static
../Core/Src/main.c:540:13:MX_I2C1_Init	8	static
../Core/Src/main.c:583:13:MX_TIM3_Init	56	static
../Core/Src/main.c:634:13:MX_TIM17_Init	80	static
../Core/Src/main.c:689:13:MX_DMA_Init	16	static
../Core/Src/main.c:705:13:MX_GPIO_Init	48	static
../Core/Src/main.c:772:6:Error_Handler	4	static
