../Core/Src/main.c:185:10:Read_ADC	48	static
../Core/Src/main.c:212:7:convert_adc	16	static
../Core/Src/main.c:222:7:voltage_to_temperature	32	static
../Core/Src/main.c:249:9:CRC8	32	static
../Core/Src/main.c:264:6:BQ_WriteReg	40	static
../Core/Src/main.c:283:6:BQ_ReadRegs	168	static
../Core/Src/main.c:301:7:BQ_ReadCurrent	24	static
../Core/Src/main.c:319:13:Disable_Balancing_Output	8	static
../Core/Src/main.c:325:13:Set_SYS_CTRL2	16	static
../Core/Src/main.c:330:19:Get_Requested_FET_Mode	4	static
../Core/Src/main.c:337:19:Get_Active_FET_Mode	8	static
../Core/Src/main.c:347:16:Charge_FET_Is_On	8	static
../Core/Src/main.c:351:16:Discharge_FET_Is_On	8	static
../Core/Src/main.c:355:20:FET_Mode_Name	16	static
../Core/Src/main.c:367:6:BQ_Init	8	static
../Core/Src/main.c:378:6:BQ_UpdateBalance	48	static
../Core/Src/main.c:422:6:Discover_BMS	16	static
../Core/Src/main.c:447:5:main	776	static
../Core/Src/main.c:908:6:SystemClock_Config	128	static
../Core/Src/main.c:957:13:MX_ADC1_Init	48	static
../Core/Src/main.c:1050:13:MX_ADC2_Init	32	static
../Core/Src/main.c:1135:13:MX_I2C1_Init	8	static
../Core/Src/main.c:1178:13:MX_TIM3_Init	56	static
../Core/Src/main.c:1229:13:MX_TIM17_Init	80	static
../Core/Src/main.c:1284:13:MX_DMA_Init	16	static
../Core/Src/main.c:1304:13:MX_GPIO_Init	48	static
../Core/Src/main.c:1347:6:Process_USB_Command	24	static
../Core/Src/main.c:1485:6:Fan_SetSpeed	80	static
../Core/Src/main.c:1522:10:Fan_GetRPM	24	static
../Core/Src/main.c:1560:6:HAL_TIM_PeriodElapsedCallback	16	static
../Core/Src/main.c:1567:6:HAL_TIM_IC_CaptureCallback	24	static
../Core/Src/main.c:1588:6:Error_Handler	4	static,ignoring_inline_asm
