../Core/Src/main.c:186:10:Read_ADC	48	static
../Core/Src/main.c:213:7:convert_adc	16	static
../Core/Src/main.c:223:7:voltage_to_temperature	32	static
../Core/Src/main.c:250:9:CRC8	32	static
../Core/Src/main.c:265:6:BQ_WriteReg	40	static
../Core/Src/main.c:284:6:BQ_ReadRegs	168	static
../Core/Src/main.c:302:7:BQ_ReadCurrent	24	static
../Core/Src/main.c:320:13:Disable_Balancing_Output	8	static
../Core/Src/main.c:326:13:Set_SYS_CTRL2	16	static
../Core/Src/main.c:331:19:Get_Requested_FET_Mode	4	static
../Core/Src/main.c:338:19:Get_Active_FET_Mode	8	static
../Core/Src/main.c:348:16:Charge_FET_Is_On	8	static
../Core/Src/main.c:352:16:Discharge_FET_Is_On	8	static
../Core/Src/main.c:356:20:FET_Mode_Name	16	static
../Core/Src/main.c:368:6:BQ_Init	8	static
../Core/Src/main.c:379:6:BQ_UpdateBalance	48	static
../Core/Src/main.c:423:6:Discover_BMS	16	static
../Core/Src/main.c:448:5:main	776	static
../Core/Src/main.c:911:6:SystemClock_Config	128	static
../Core/Src/main.c:960:13:MX_ADC1_Init	48	static
../Core/Src/main.c:1053:13:MX_ADC2_Init	32	static
../Core/Src/main.c:1138:13:MX_I2C1_Init	8	static
../Core/Src/main.c:1181:13:MX_TIM3_Init	56	static
../Core/Src/main.c:1232:13:MX_TIM17_Init	80	static
../Core/Src/main.c:1287:13:MX_DMA_Init	16	static
../Core/Src/main.c:1307:13:MX_GPIO_Init	48	static
../Core/Src/main.c:1350:6:Process_USB_Command	24	static
../Core/Src/main.c:1488:6:Fan_SetSpeed	80	static
../Core/Src/main.c:1525:10:Fan_GetRPM	24	static
../Core/Src/main.c:1563:6:HAL_TIM_PeriodElapsedCallback	16	static
../Core/Src/main.c:1570:6:HAL_TIM_IC_CaptureCallback	24	static
../Core/Src/main.c:1591:6:Error_Handler	4	static,ignoring_inline_asm
