../Core/Src/main.c:169:10:Read_ADC	48	static
../Core/Src/main.c:194:7:convert_adc	16	static
../Core/Src/main.c:202:7:voltage_to_temperature	32	static
../Core/Src/main.c:225:9:CRC8	32	static
../Core/Src/main.c:238:6:BQ_WriteReg	40	static
../Core/Src/main.c:256:6:BQ_ReadRegs	168	static
../Core/Src/main.c:271:7:BQ_ReadCurrent	24	static
../Core/Src/main.c:288:13:Disable_Balancing_Output	8	static
../Core/Src/main.c:294:13:Set_SYS_CTRL2	16	static
../Core/Src/main.c:299:19:Get_Requested_FET_Mode	4	static
../Core/Src/main.c:306:19:Get_Active_FET_Mode	8	static
../Core/Src/main.c:313:16:Charge_FET_Is_On	8	static
../Core/Src/main.c:317:16:Discharge_FET_Is_On	8	static
../Core/Src/main.c:321:20:FET_Mode_Name	16	static
../Core/Src/main.c:333:6:BQ_Init	8	static
../Core/Src/main.c:342:6:BQ_UpdateBalance	48	static
../Core/Src/main.c:385:6:Discover_BMS	16	static
../Core/Src/main.c:410:5:main	784	static
../Core/Src/main.c:815:6:SystemClock_Config	128	static
../Core/Src/main.c:867:13:MX_ADC1_Init	48	static
../Core/Src/main.c:969:13:MX_ADC2_Init	32	static
../Core/Src/main.c:1062:13:MX_I2C1_Init	8	static
../Core/Src/main.c:1110:13:MX_TIM3_Init	56	static
../Core/Src/main.c:1168:13:MX_TIM17_Init	80	static
../Core/Src/main.c:1229:13:MX_DMA_Init	16	static
../Core/Src/main.c:1251:13:MX_GPIO_Init	48	static
../Core/Src/main.c:1295:6:Process_USB_Command	24	static
../Core/Src/main.c:1408:6:Fan_SetSpeed	80	static
../Core/Src/main.c:1444:10:Fan_GetRPM	24	static
../Core/Src/main.c:1477:6:HAL_TIM_PeriodElapsedCallback	16	static
../Core/Src/main.c:1484:6:HAL_TIM_IC_CaptureCallback	24	static
../Core/Src/main.c:1504:6:Error_Handler	4	static,ignoring_inline_asm
