23:14:31 **** Incremental Build of configuration Debug for project USB-Connection-Firmware ****
make -j11 all 
arm-none-eabi-gcc "../Core/Src/main.c" -mcpu=cortex-m4 -std=gnu11 -g3 -DUSE_HAL_DRIVER -DSTM32F303xC -c -I../Core/Inc -I../Drivers/STM32F3xx_HAL_Driver/Inc -I../Drivers/STM32F3xx_HAL_Driver/Inc/Legacy -I../Drivers/CMSIS/Device/ST/STM32F3xx/Include -I../Drivers/CMSIS/Include -I../Middlewares/ST/STM32_USB_Device_Library/Core/Inc -I../Middlewares/ST/STM32_USB_Device_Library/Class/CDC/Inc -I../USB_DEVICE/App -I../USB_DEVICE/Target -O0 -ffunction-sections -fdata-sections -Wall -fstack-usage -fcyclomatic-complexity -MMD -MP -MF"Core/Src/main.d" -MT"Core/Src/main.o" --specs=nano.specs -mfpu=fpv4-sp-d16 -mfloat-abi=hard -mthumb -o "Core/Src/main.o"
arm-none-eabi-gcc -o "USB-Connection-Firmware.elf" @"objects.list"   -mcpu=cortex-m4 -T"/Users/kaushikvada/Documents/BMS-Senior-Design/USB-Connection-Firmware/STM32F303RCTX_FLASH.ld" --specs=nosys.specs -Wl,-Map="USB-Connection-Firmware.map" -Wl,--gc-sections -static --specs=nano.specs -mfpu=fpv4-sp-d16 -mfloat-abi=hard -mthumb -u _printf_float -Wl,--start-group -lc -lm -Wl,--end-group
Finished building target: USB-Connection-Firmware.elf
 
arm-none-eabi-size  USB-Connection-Firmware.elf 
arm-none-eabi-objdump -h -S USB-Connection-Firmware.elf  > "USB-Connection-Firmware.list"
   text	   data	    bss	    dec	    hex	filename
  76176	    844	  10892	  87912	  15768	USB-Connection-Firmware.elf
Finished building: default.size.stdout
 
Finished building: USB-Connection-Firmware.list
 
23:14:40 **** Incremental Build of configuration Debug for project USB-Connection-Firmware ****
make -j11 all 
arm-none-eabi-size  USB-Connection-Firmware.elf 
   text	   data	    bss	    dec	    hex	filename
  76176	    844	  10892	  87912	  15768	USB-Connection-Firmware.elf
Finished building: default.size.stdout
 
